<html>
<body>
<pre>
<h1>µVision Build Log</h1>
<h2>Tool Versions:</h2>
IDE-Version: ¦ÌVision V5.36.0.0
Copyright (C) 2021 ARM Ltd and ARM Germany GmbH. All rights reserved.
License Information: Z B, In, LIC=NQQMA-14I83-AR2XW-QY2EM-35TIU-TCT47
 
Tool Versions:
Toolchain:       MDK-ARM Plus  Version: 5.36.0.0
Toolchain Path:  C:\Keil_v5\ARM\ARMCLANG\Bin
C Compiler:      ArmClang.exe V6.16
Assembler:       Armasm.exe V6.16
Linker/Locator:  ArmLink.exe V6.16
Library Manager: ArmAr.exe V6.16
Hex Converter:   FromElf.exe V6.16
CPU DLL:         SARMCM3.DLL V5.36.0.0
Dialog DLL:      DCM.DLL V1.17.3.0
Target DLL:      Segger\JL2CM3.dll V2.99.40.0
Dialog DLL:      TCM.DLL V1.53.0.0
 
<h2>Project:</h2>
D:\WorkSpeace\Github\Infrared-remote-control\ir_test.uvprojx
Project File Date:  09/20/2022

<h2>Output:</h2>
*** Using Compiler 'V6.16', folder: 'C:\Keil_v5\ARM\ARMCLANG\Bin'
Rebuild target 'Target 1'
compiling main.c...
compiling peripheral_uart.c...
assembling startup_ing91600.s...
compiling user_ir_remote.c...
compiling peripheral_timer.c...
compiling profile.c...
compiling peripheral_pinctrl.c...
compiling peripheral_sysctrl.c...
compiling peripheral_ir.c...
compiling peripheral_gpio.c...
compiling peripheral_dma.c...
compiling peripheral_adc.c...
compiling key_board_sample.c...
compiling key_board.c...
compiling trace.c...
linking...
Program Size: Code=16020 RO-data=1544 RW-data=96 ZI-data=2892  
FromELF: creating hex file...
After Build - User command #1: fromelf.exe --bin -o ir_test.bin ./output/ir_test.axf
".\output\ir_test.axf" - 0 Error(s), 0 Warning(s).

<h2>Software Packages used:</h2>

Package Vendor: ARM
                http://www.keil.com/pack/ARM.CMSIS.5.8.0.pack
                ARM.CMSIS.5.8.0
                CMSIS (Common Microcontroller Software Interface Standard)
   * Component: CORE Version: 5.5.0

Package Vendor: INGChips
                http://www.ingchips.com/INGChips.INGCHIPS_DeviceFamilyPack.0.9.0.pack
                INGChips.INGCHIPS_DeviceFamilyPack.0.9.0
                INGChips ARM devices Device Family Pack with BSD license.

<h2>Collection of Component include folders:</h2>
  .\RTE\_Target_1
  C:\Users\zb\AppData\Local\Arm\Packs\ARM\CMSIS\5.8.0\CMSIS\Core\Include

<h2>Collection of Component Files used:</h2>

   * Component: ARM::CMSIS:CORE:5.5.0
Build Time Elapsed:  00:00:02
</pre>
</body>
</html>
